// Jest Snapshot v1, https://goo.gl/fbAQLP

exports[`renders correctly 1`] = `
<body>
  <div>
    <div
      class="counter svelte-9qsz00"
    >
      <button
        aria-label="Decrease the counter by one"
        class="svelte-9qsz00"
        data-testid="decrement"
      >
        <svg
          aria-hidden="true"
          class="svelte-9qsz00"
          viewBox="0 0 1 1"
        >
          <path
            class="svelte-9qsz00"
            d="M0,0.5 L1,0.5"
          />
        </svg>
      </button>
       
      <div
        class="counter-viewport svelte-9qsz00"
      >
        <div
          class="counter-digits svelte-9qsz00"
          style="transform: translate(0, 0%);"
        >
          <strong
            aria-hidden="true"
            class="svelte-9qsz00"
            style="top: -100%;"
          >
            1
          </strong>
           
          <strong
            class="svelte-9qsz00"
            data-testid="counter-value"
          >
            0
          </strong>
        </div>
      </div>
       
      <button
        aria-label="Increase the counter by one"
        class="svelte-9qsz00"
        data-testid="increment"
      >
        <svg
          aria-hidden="true"
          class="svelte-9qsz00"
          viewBox="0 0 1 1"
        >
          <path
            class="svelte-9qsz00"
            d="M0,0.5 L1,0.5 M0.5,0 L0.5,1"
          />
        </svg>
      </button>
    </div>
  </div>
</body>
`;
