// Jest Snapshot v1, https://goo.gl/fbAQLP

exports[`renders correctly 1`] = `
<body>
  <div>
    <header
      class="svelte-16gzt7q"
    >
      <div
        class="corner svelte-16gzt7q"
      >
        <a
          class="svelte-16gzt7q"
          href="https://kit.svelte.dev"
        >
          <img
            alt="SvelteKit"
            class="svelte-16gzt7q"
          />
        </a>
      </div>
       
      <nav
        class="svelte-16gzt7q"
      >
        <svg
          aria-hidden="true"
          class="svelte-16gzt7q"
          viewBox="0 0 2 3"
        >
          <path
            class="svelte-16gzt7q"
            d="M0,0 L1,2 C1.5,3 1.5,3 2,3 L2,0 Z"
          />
        </svg>
         
        <ul
          class="svelte-16gzt7q"
        />
         
        <svg
          aria-hidden="true"
          class="svelte-16gzt7q"
          viewBox="0 0 2 3"
        >
          <path
            class="svelte-16gzt7q"
            d="M0,0 L0,3 C0.5,3 0.5,3 1,2 L2,0 Z"
          />
        </svg>
      </nav>
       
      <div
        class="corner svelte-16gzt7q"
      />
    </header>
  </div>
</body>
`;
